 L2 norm of concentration c:0.379946
 L2 norm of potential phi:0.00124233
 L2 norm of concentration c:3.28198e-05
 L2 norm of potential phi:4.2231e-05
 L2 norm of concentration c:4.88866e-07
 L2 norm of potential phi:6.30058e-07
 L2 norm of concentration c:7.0215e-09
 L2 norm of potential phi:9.05343e-09
 L2 norm of concentration c:9.99929e-11
 L2 norm of potential phi:1.2885e-10
concentration: 0.352508
total energy: 0.586265
 L2 norm of concentration c:0.379764
 L2 norm of potential phi:0.00113812
 L2 norm of concentration c:3.23951e-05
 L2 norm of potential phi:4.16894e-05
 L2 norm of concentration c:4.84073e-07
 L2 norm of potential phi:6.23931e-07
 L2 norm of concentration c:6.97106e-09
 L2 norm of potential phi:8.98928e-09
 L2 norm of concentration c:9.93662e-11
 L2 norm of potential phi:1.28205e-10
concentration: 0.351989
total energy: 0.566295
 L2 norm of concentration c:0.379586
 L2 norm of potential phi:0.00117297
 L2 norm of concentration c:3.23451e-05
 L2 norm of potential phi:4.16421e-05
 try getConsole C:\Users\user\Desktop\TopOpt_PNP\example1\eps0=0.01\PNP_Opt_Slot_2d.edp
