 L2 norm of concentration c:4.48209e-06
 L2 norm of potential phi:5.72504e-06
 L2 norm of concentration c:2.26255e-08
 L2 norm of potential phi:2.89129e-08
 L2 norm of concentration c:1.07696e-10
 L2 norm of potential phi:1.37715e-10
concentration: 0.31706
total energy: 0.645194
 L2 norm of concentration c:0.395577
 L2 norm of potential phi:8.89996e-05
 L2 norm of concentration c:4.42728e-06
 L2 norm of potential phi:5.65464e-06
 L2 norm of concentration c:2.23226e-08
 L2 norm of potential phi:2.85251e-08
 L2 norm of concentration c:1.06117e-10
 L2 norm of potential phi:1.3561e-10
concentration: 0.317027
total energy: 0.644892
 L2 norm of concentration c:0.395617
 L2 norm of potential phi:8.90829e-05
 L2 norm of concentration c:4.37787e-06
 L2 norm of potential phi:5.5911e-06
 L2 norm of concentration c:2.20601e-08
 L2 norm of potential phi:2.81889e-08
 L2 norm of concentration c:1.04598e-10
 L2 norm of potential phi:1.3379e-10
concentration: 0.316995
total energy: 0.644594
 try getConsole C:\Users\user\Desktop\TopOpt_PNP\example1\eps0=0.1\PNP_Opt_Slot_2d.edp
