 L2 norm of concentration c:2.45426e-05
 L2 norm of potential phi:3.12403e-05
 L2 norm of concentration c:3.27842e-07
 L2 norm of potential phi:4.19136e-07
 L2 norm of concentration c:3.1107e-09
 L2 norm of potential phi:4.00479e-09
concentration: 0.495345
total energy: 0.0746484
 L2 norm of concentration c:0.581607
 L2 norm of potential phi:0.00553757
 L2 norm of concentration c:2.86763e-05
 L2 norm of potential phi:3.62213e-05
 L2 norm of concentration c:3.76127e-07
 L2 norm of potential phi:4.79776e-07
 L2 norm of concentration c:3.70859e-09
 L2 norm of potential phi:4.75228e-09
concentration: 0.495804
total energy: 0.0721946
 L2 norm of concentration c:0.581551
 L2 norm of potential phi:0.00557428
 L2 norm of concentration c:2.48222e-05
 L2 norm of potential phi:3.15407e-05
 L2 norm of concentration c:3.43443e-07
 L2 norm of potential phi:4.37982e-07
 L2 norm of concentration c:3.42666e-09
 L2 norm of potential phi:4.39506e-09
concentration: 0.495339
total energy: 0.0747563
 try getConsole C:\Users\user\Desktop\TopOpt_PNP\example2disk\eps=0.01\m=4\PNP_Opt_Slot_2d.edp
