 L2 norm of concentration c:7.886e-07
 L2 norm of potential phi:1.06894e-06
 L2 norm of concentration c:6.24565e-09
 L2 norm of potential phi:8.0396e-09
 L2 norm of concentration c:2.74053e-11
 L2 norm of potential phi:3.5197e-11
concentration: 0.285619
total energy: 1.07812
 L2 norm of concentration c:0.394032
 L2 norm of potential phi:9.97025e-05
 L2 norm of concentration c:7.90082e-07
 L2 norm of potential phi:1.06943e-06
 L2 norm of concentration c:6.2281e-09
 L2 norm of potential phi:8.01697e-09
 L2 norm of concentration c:2.72192e-11
 L2 norm of potential phi:3.49939e-11
concentration: 0.285542
total energy: 1.07621
 L2 norm of concentration c:0.393988
 L2 norm of potential phi:9.67104e-05
 L2 norm of concentration c:7.772e-07
 L2 norm of potential phi:1.05191e-06
 L2 norm of concentration c:6.12453e-09
 L2 norm of potential phi:7.88387e-09
 L2 norm of concentration c:2.67583e-11
 L2 norm of potential phi:3.44144e-11
concentration: 0.285468
total energy: 1.07426
 try getConsole C:\Users\user\Desktop\TopOpt_PNP\example1\eps0=0.25\PNP_Opt_Slot_2d.edp
