 L2 norm of concentration c:6.86325e-11
 L2 norm of potential phi:8.67745e-11
concentration: 0.494409
total energy: 0.20365
 L2 norm of concentration c:0.582901
 L2 norm of potential phi:0.00662531
 L2 norm of concentration c:2.20172e-05
 L2 norm of potential phi:2.8006e-05
 L2 norm of concentration c:3.97679e-07
 L2 norm of potential phi:5.00196e-07
 L2 norm of concentration c:4.92525e-09
 L2 norm of potential phi:6.22283e-09
 L2 norm of concentration c:5.45832e-11
 L2 norm of potential phi:6.90738e-11
concentration: 0.493254
total energy: 0.209062
 L2 norm of concentration c:0.583213
 L2 norm of potential phi:0.00641215
 L2 norm of concentration c:2.82427e-05
 L2 norm of potential phi:3.54153e-05
 L2 norm of concentration c:4.42596e-07
 L2 norm of potential phi:5.57302e-07
 L2 norm of concentration c:5.29911e-09
 L2 norm of potential phi:6.69396e-09
 L2 norm of concentration c:5.88309e-11
 L2 norm of potential phi:7.43875e-11
concentration: 0.494383
total energy: 0.201986
 try getConsole C:\Users\user\Desktop\TopOpt_PNP\example2disk\eps=0.01\m=6\PNP_Opt_Slot_2d.edp
