 L2 norm of potential phi:3.45276e-08
 L2 norm of concentration c:6.60232e-11
 L2 norm of potential phi:8.36716e-11
concentration: 0.394174
total energy: 0.151548
eps0: 0.01
 L2 norm of concentration c:0.508306
 L2 norm of potential phi:0.00169853
 L2 norm of concentration c:8.9314e-06
 L2 norm of potential phi:1.13649e-05
 L2 norm of concentration c:2.67902e-08
 L2 norm of potential phi:3.39387e-08
 L2 norm of concentration c:6.72135e-11
 L2 norm of potential phi:8.51088e-11
concentration: 0.394251
total energy: 0.1506
eps0: 0.01
 L2 norm of concentration c:0.508378
 L2 norm of potential phi:0.00230745
 L2 norm of concentration c:5.11054e-06
 L2 norm of potential phi:6.52285e-06
 L2 norm of concentration c:1.29086e-08
 L2 norm of potential phi:1.64048e-08
 L2 norm of concentration c:2.65663e-11
 L2 norm of potential phi:3.37546e-11
concentration: 0.394225
total energy: 0.15194
eps0: 0.01
 try getConsole C:\Users\user\Desktop\TopOpt_PNP\example2disk_bigInnRadius\eps=0.01\m=4\PNP_Opt_Slot_2d.edp
