 L2 norm of potential phi:1.42311e-07
 L2 norm of concentration c:2.66935e-10
 L2 norm of potential phi:3.35479e-10
concentration: 0.410184
total energy: 0.172463
eps0: 0.01
 L2 norm of concentration c:0.513965
 L2 norm of potential phi:0.0046648
 L2 norm of concentration c:3.84912e-05
 L2 norm of potential phi:4.8423e-05
 L2 norm of concentration c:1.05704e-07
 L2 norm of potential phi:1.32732e-07
 L2 norm of concentration c:2.4021e-10
 L2 norm of potential phi:3.01795e-10
concentration: 0.410144
total energy: 0.177265
eps0: 0.01
 L2 norm of concentration c:0.514099
 L2 norm of potential phi:0.00414714
 L2 norm of concentration c:3.60258e-05
 L2 norm of potential phi:4.53301e-05
 L2 norm of concentration c:9.53315e-08
 L2 norm of potential phi:1.19717e-07
 L2 norm of concentration c:2.06651e-10
 L2 norm of potential phi:2.59573e-10
concentration: 0.410345
total energy: 0.171853
eps0: 0.01
 try getConsole C:\Users\user\Desktop\TopOpt_PNP\example2disk_bigInnRadius\eps=0.01\m=6\PNP_Opt_Slot_2d.edp
